// Jest Snapshot v1, https://goo.gl/fbAQLP

exports[`UndoList 渲染样式正常 1`] = `
<div
  className="undoList"
>
  <div
    className="undoList-title"
  >
    <p>
      正在进行
    </p>
    <div
      className="count"
      data-test="count"
    >
      0
    </div>
  </div>
  <ul
    className="item-wrap"
  />
</div>
`;
