// Jest Snapshot v1, https://goo.gl/fbAQLP

exports[`测试 generateConfig 函数 1`] = `
Object {
  "date": Any<Date>,
  "domain": "localhost",
  "port": 8000,
  "server": "http://localhost",
  "time": 20191,
}
`;
